\# Program start time:     UTC 2026.06.03 17:02:00.291
\# Local time: IST (UTC+05:30) 2026.06.03 22:32:00.291
\o Program:		@(#)$CDS: virtuoso version 6.1.8-64b 04/27/2021 19:30 (cpgsrv11) $
\o Hierarchy:		/progs/cadence/IC618/tools.lnx86/dfII/
\o Sub version:		sub-version  IC6.1.8-64b.500.18  (64-bit addresses)
\# Command line:	/progs/cadence/IC618/tools.lnx86/dfII/bin/64bit/virtuoso -noautostart -mpssession virtuoso24409 -mpshost nsdcs.iiti.ac.in -davinciService DaVinciService_24409_1780503438 -log /home/Vedant_int/Desktop/VEDANT_WORK/logs_Vedant_int/logs0/Job5.log -licenseLockFileName /home/Vedant_int/Desktop/VEDANT_WORK/.tmp_Vedant_int/.nsdcs.iiti.ac.in_24409 -interactiveA -interactiveE -interactiveRTT -nostdin -nographE -axlChildIdFlag 5
\# Host name (type):	nsdcs.iiti.ac.in (x86_64)
\# Operating system:	Linux 3.10.0-1160.119.1.el7.x86_64 #1 SMP Tue Jun 4 14:43:51 UTC 2024
\# Linux /etc/issue:	\S
\# Linux /etc/issue:	Kernel \r on an \m
\# X display name (WxH):	:7060 (1024x868)
\# Available geometry:			TL(0:0) BR(1023:867)
\# X server:			The X.Org Foundation
\# Depth of Visual (Root):	24 (24)
\# Number of Planes Used:	24
\# X version:		11.0 (vendor release 12004000)
\# X resource pool:	base 0x400000, mask 0x1fffff (2097151), shift 0
\# 			current id 0x0, current max 0x1ffffa (2097146)
\# Max data seg size:	     unlimited
\# Max process size:	     unlimited
\# Initial sbrk value:	        575 MB
\# Available memory:	    155,355 MB
\# System memory:	    259,743 MB
\# Maximum memory size:	    259,364 MB
\# Max mem available:	    155,551 MB
\# Initial memory used:	        196 MB
\#        process size:	      1,721 MB
\# Thread usage limits (effective/default):	maxthreads 4096/4096 maxload 48.00/48.00
\# Qt version:		5.9.1
\# Window Manager:	other
\# User Name:		Vedant_int
\o Working Directory:	nsdcs.iiti.ac.in:/home/Vedant_int/Desktop/VEDANT_WORK
\# Process Id:		19213
\o 
\o COPYRIGHT (C) 1992-2021  CADENCE DESIGN SYSTEMS INC.  ALL RIGHTS RESERVED.
\o           (C) 1992-2021  UNIX SYSTEMS Laboratories INC.,
\o                          Reproduced with permission.
\o 
\o This Cadence Design Systems program and online documentation are
\o proprietary/confidential information and may be disclosed/used only
\o as authorized in a license agreement controlling such use and disclosure.
\o 
\o           RESTRICTED RIGHTS NOTICE (SHORT FORM)
\o Use/reproduction/disclosure is subject to restriction
\o set forth at FAR 1252.227-19 or its equivalent.
\o Loading geView.cxt 
\o Loading menuBuilder.cxt 
\o Loading schView.cxt 
\o Loading selectSv.cxt 
\o Loading pvsui.cxt
\o Loading wireEdit.cxt 
\o Loading pte2.cxt 
\o Loading xlUI.cxt 
\o Loading auCore.cxt 
\o Loading vhdl.cxt 
\o Loading seismic.cxt 
\o Loading ci.cxt 
\o Loading ams.cxt 
\o Loading oasis.cxt 
\o Loading analog.cxt 
\o Loading asimenv.cxt 
\o Loading dal.cxt 
\o Loading awv.cxt 
\o Loading socket.cxt 
\o Loading par.cxt 
\o Loading alvs.cxt 
\o Loading caa.cxt 
\o Loading amps.cxt 
\o Loading adexlCore.cxt 
\o Loading adexl.cxt 
\o *Info*    Exporting services from client ... 
\o 
\o Loading adexlDM.cxt 
\o Loading cpf.cxt 
\o Loading cli.cxt 
\o Loading lp.cxt 
\o INFO (ELI-00302) Connecting to parent process (session=virtuoso24409, host=nsdcs.iiti.ac.in). Connection mode is ICRP. Total timeout is 180 seconds. Connection timeout is 90 seconds.
\o INFO (ELI-00303) Step 1: Connecting to parent. Time spent is 0 seconds.
\o INFO (ELI-00304) The registration of the child 19213 within 90 seconds is being processed...
\o INFO (ELI-00305) The result of registration is true. Time spent is 0 seconds.
\o INFO (ELI-00308) The connection has ended. Result is true. Total time spent is 0 seconds.
\# [22:32:00.158026] Configured Lic search path (20.02-p002): 5280@14.139.1.126:1717@14.139.1.126
\w *WARNING* LIB avTech from File /home/Vedant_int/Desktop/VEDANT_WORK/cds.lib Line 30 redefines
\w LIB avTech from the same file (defined earlier.)
\w *WARNING* The directory: '/home/Vedant_int/Desktop/VEDANT_WORK/cmos_inv' does not exist
\w 	but was defined in libFile '/home/Vedant_int/Desktop/VEDANT_WORK/cds.lib' for Lib 'cmos_inv'.
\w *WARNING* The directory: '/home/Vedant_int/Desktop/VEDANT_WORK/VEDANT2' does not exist
\w 	but was defined in libFile '/home/Vedant_int/Desktop/VEDANT_WORK/cds.lib' for Lib 'VEDANT2'.
\# Memory report: using         386 MB, process size 1,988 MB at UTC 2026.06.03 17:02:05.818
\w *WARNING* The directory: '/progs/cadence/INCISIVE152/tools/affirma_ams/etc/connect_lib/connectLib' does not exist
\w 	but was defined in libFile '/home/Vedant_int/Desktop/VEDANT_WORK/cds.lib' for Lib 'connectLib'.
\o //
\o //  Calibre Skill Interface * (v2022.4_37.20) *
\o //
\o //                         Copyright Siemens 1996-2020     
\o //                             All Rights Reserved.
\o //         THIS WORK CONTAINS TRADE SECRET AND PROPRIETARY INFORMATION
\o //            WHICH IS THE PROPERTY OF MENTOR GRAPHICS CORPORATION
\o //              OR ITS LICENSORS AND IS SUBJECT TO LICENSE TERMS.
\o //
\o //
\o *Info*    Client has finished starting ... 
\o 
\o Loading vdsil.cxt 
\p > 
\a _treeSetOpcGUI(t)
\# [22:32:07.118218] Periodic Lic check successful
\# [22:32:07.118224] Feature usage summary:
\r t
\# Available memory:        155,203 MB at UTC 2026.06.03 17:02:10.530
\# Memory report: Maximum memory size now 155,599 MB at UTC 2026.06.03 17:02:10.530
\# Thread usage report: 53 active threads, active load 1.40 at UTC 2026.06.03 17:02:10.530
