\o Program:		@(#)$CDS: libManager version 6.1.8 - CAT37 03/31/2021 15:41 (sjfdcl1031) $
\o Sub version:		sub-version  s184 
\o Arguments:		-unmapped -mpssession virtuoso42462 -mpshost nsdcs.iiti.ac.in 
\o Working Directory:	nsdcs.iiti.ac.in:/home/Vedant_int/Desktop/VEDANT_WORK
\o 64-bit offsets
\o Qt version: 		5.9.1
\o changeWorkingDir("/home/Vedant_int/Desktop/VEDANT_WORK") unnecessary.
\o ddSetForcedLib("") unnecessary.
\o MPS request: update library list
\o DB was auto refreshed.
\o MPS request: update library list
\o DB was auto refreshed.
\o Log file is "/home/Vedant_int/Desktop/VEDANT_WORK/libManager.log".
\o Opening libManager window.
\a nrSetWindowVisibility(cdsLibManager "show")
\o MPS service: map window
\o Library Manager customization server connected.
\a nrSetCurrentWindow(cdsLibManager)
\w Warning: LIB avTech from File /home/Vedant_int/Desktop/VEDANT_WORK/cds.lib Line 30 redefines
\w LIB avTech from the same file (defined earlier.)
\w Warning: The directory: '/home/Vedant_int/Desktop/VEDANT_WORK/cmos_inv' does not exist
\w 	but was defined in libFile '/home/Vedant_int/Desktop/VEDANT_WORK/cds.lib' for Lib 'cmos_inv'.
\w Warning: The directory: '/home/Vedant_int/Desktop/VEDANT_WORK/VEDANT2' does not exist
\w 	but was defined in libFile '/home/Vedant_int/Desktop/VEDANT_WORK/cds.lib' for Lib 'VEDANT2'.
\w Warning: The directory: '/progs/cadence/INCISIVE152/tools/affirma_ams/etc/connect_lib/connectLib' does not exist
\w 	but was defined in libFile '/home/Vedant_int/Desktop/VEDANT_WORK/cds.lib' for Lib 'connectLib'.
\a nrResizeWindow(cdsLibManager list(240 112 1440 723))
\a cdsLibManager->libListBox->value = "VEDANT_NEW"
\a cdsLibManager->libLineEdit->value = "VEDANT_NEW"
\a lmgrLogShowPopup("mainListPopup0" 54 75 2 "VEDANT_NEW")
\a cdsLibManager->cellListBox->value = "Inv_tb"
\a cdsLibManager->cellLineEdit->value = "Inv_tb"
\a cdsLibManager->viewListBox->value = "schematic"
\a cdsLibManager->viewLineEdit->value = "schematic"
\a cdsLibManager->viewLineEdit->value = ""
\a cdsLibManager->viewListBox->value = nil
\a lmgrLogShowPopup("mainListPopup1" 187 159 2 "Inv_tb")
\a cdsLibManager->cellLineEdit->value = ""
\a cdsLibManager->cellListBox->value = nil
\a cdsLibManager->libLineEdit->value = ""
\a cdsLibManager->libListBox->value = nil
\a cdsLibManager->libListBox->value = "VEDANT_NEW"
\a cdsLibManager->libLineEdit->value = "VEDANT_NEW"
\a cdsLibManager->FileNewCVButton->value = t
\a cdsLibManager->libListBox->value = nil
\a cdsLibManager->libLineEdit->value = ""
\w Warning: LIB avTech from File /home/Vedant_int/Desktop/VEDANT_WORK/cds.lib Line 30 redefines
\w LIB avTech from the same file (defined earlier.)
\w Warning: The directory: '/home/Vedant_int/Desktop/VEDANT_WORK/cmos_inv' does not exist
\w 	but was defined in libFile '/home/Vedant_int/Desktop/VEDANT_WORK/cds.lib' for Lib 'cmos_inv'.
\w Warning: The directory: '/home/Vedant_int/Desktop/VEDANT_WORK/VEDANT2' does not exist
\w 	but was defined in libFile '/home/Vedant_int/Desktop/VEDANT_WORK/cds.lib' for Lib 'VEDANT2'.
\w Warning: The directory: '/progs/cadence/INCISIVE152/tools/affirma_ams/etc/connect_lib/connectLib' does not exist
\w 	but was defined in libFile '/home/Vedant_int/Desktop/VEDANT_WORK/cds.lib' for Lib 'connectLib'.
\a cdsLibManager->libListBox->value = "VEDANT_NEW"
\a cdsLibManager->libLineEdit->value = "VEDANT_NEW"
\a nrSetCurrentWindow(cdsLibManager)
\a nrResizeWindow(cdsLibManager list(490 410 1440 723))
\a nrSetCurrentWindow(cdsLibManager)
\a cdsLibManager->libListBox->value = nil
\a cdsLibManager->libLineEdit->value = ""
\w Warning: LIB avTech from File /home/Vedant_int/Desktop/VEDANT_WORK/cds.lib Line 30 redefines
\w LIB avTech from the same file (defined earlier.)
\w Warning: The directory: '/home/Vedant_int/Desktop/VEDANT_WORK/cmos_inv' does not exist
\w 	but was defined in libFile '/home/Vedant_int/Desktop/VEDANT_WORK/cds.lib' for Lib 'cmos_inv'.
\w Warning: The directory: '/home/Vedant_int/Desktop/VEDANT_WORK/VEDANT2' does not exist
\w 	but was defined in libFile '/home/Vedant_int/Desktop/VEDANT_WORK/cds.lib' for Lib 'VEDANT2'.
\w Warning: The directory: '/progs/cadence/INCISIVE152/tools/affirma_ams/etc/connect_lib/connectLib' does not exist
\w 	but was defined in libFile '/home/Vedant_int/Desktop/VEDANT_WORK/cds.lib' for Lib 'connectLib'.
\a cdsLibManager->libListBox->value = "VEDANT_NEW"
\a cdsLibManager->libLineEdit->value = "VEDANT_NEW"
\a nrSetCurrentWindow(cdsLibManager)
\a cdsLibManager->FileNewCVButton->value = t
\a cdsLibManager->libListBox->value = nil
\a cdsLibManager->libLineEdit->value = ""
\w Warning: LIB avTech from File /home/Vedant_int/Desktop/VEDANT_WORK/cds.lib Line 30 redefines
\w LIB avTech from the same file (defined earlier.)
\w Warning: The directory: '/home/Vedant_int/Desktop/VEDANT_WORK/cmos_inv' does not exist
\w 	but was defined in libFile '/home/Vedant_int/Desktop/VEDANT_WORK/cds.lib' for Lib 'cmos_inv'.
\w Warning: The directory: '/home/Vedant_int/Desktop/VEDANT_WORK/VEDANT2' does not exist
\w 	but was defined in libFile '/home/Vedant_int/Desktop/VEDANT_WORK/cds.lib' for Lib 'VEDANT2'.
\w Warning: The directory: '/progs/cadence/INCISIVE152/tools/affirma_ams/etc/connect_lib/connectLib' does not exist
\w 	but was defined in libFile '/home/Vedant_int/Desktop/VEDANT_WORK/cds.lib' for Lib 'connectLib'.
\a cdsLibManager->libListBox->value = "VEDANT_NEW"
\a cdsLibManager->libLineEdit->value = "VEDANT_NEW"
\a nrSetCurrentWindow(cdsLibManager)
\a nrSetCurrentWindow(cdsLibManager)
\a nrSetCurrentWindow(cdsLibManager)
\a cdsLibManager->cellListBox->value = "SRAM_CHIP"
\a cdsLibManager->cellLineEdit->value = "SRAM_CHIP"
\a cdsLibManager->viewListBox->value = "schematic"
\a cdsLibManager->viewLineEdit->value = "schematic"
\a nrResizeWindow(cdsLibManager list(402 410 1440 723))
\a nrSetCurrentWindow(cdsLibManager)
\a nrResizeWindow(cdsLibManager list(179 391 1440 723))
\a nrSetCurrentWindow(cdsLibManager)
\a nrSetCurrentWindow(cdsLibManager)
\a nrSetCurrentWindow(cdsLibManager)
\a nrResizeWindow(cdsLibManager list(697 393 1440 723))
\a nrSetCurrentWindow(cdsLibManager)
\a cdsLibManager->cellLineEdit->value = ""
\a cdsLibManager->cellListBox->value = nil
\a cdsLibManager->viewLineEdit->value = ""
\a cdsLibManager->viewListBox->value = nil
\a cdsLibManager->cellListBox->value = "SRAM_CHIP"
\a cdsLibManager->cellLineEdit->value = "SRAM_CHIP"
\a cdsLibManager->viewListBox->value = "schematic"
\a cdsLibManager->viewLineEdit->value = "schematic"
\a cdsLibManager->viewLineEdit->value = ""
\a cdsLibManager->viewListBox->value = nil
\o MPS request: edit design
\a nrListItemAction(cdsLibManager->cellListBox 19 0)
\a cdsLibManager->libListBox->value = nil
\a cdsLibManager->libLineEdit->value = ""
\a cdsLibManager->cellLineEdit->value = ""
\a cdsLibManager->cellListBox->value = nil
\w Warning: LIB avTech from File /home/Vedant_int/Desktop/VEDANT_WORK/cds.lib Line 30 redefines
\w LIB avTech from the same file (defined earlier.)
\w Warning: The directory: '/home/Vedant_int/Desktop/VEDANT_WORK/cmos_inv' does not exist
\w 	but was defined in libFile '/home/Vedant_int/Desktop/VEDANT_WORK/cds.lib' for Lib 'cmos_inv'.
\w Warning: The directory: '/home/Vedant_int/Desktop/VEDANT_WORK/VEDANT2' does not exist
\w 	but was defined in libFile '/home/Vedant_int/Desktop/VEDANT_WORK/cds.lib' for Lib 'VEDANT2'.
\w Warning: The directory: '/progs/cadence/INCISIVE152/tools/affirma_ams/etc/connect_lib/connectLib' does not exist
\w 	but was defined in libFile '/home/Vedant_int/Desktop/VEDANT_WORK/cds.lib' for Lib 'connectLib'.
\a cdsLibManager->libListBox->value = "VEDANT_NEW"
\a cdsLibManager->libLineEdit->value = "VEDANT_NEW"
\a cdsLibManager->cellListBox->value = "SRAM_CHIP"
\a cdsLibManager->cellLineEdit->value = "SRAM_CHIP"
\a cdsLibManager->viewListBox->value = "schematic"
\a cdsLibManager->viewLineEdit->value = "schematic"
\a cdsLibManager->viewLineEdit->value = ""
\a cdsLibManager->viewListBox->value = nil
\a cdsLibManager->viewListBox->value = "schematic"
\a cdsLibManager->viewLineEdit->value = "schematic"
\a nrSetCurrentWindow(cdsLibManager)
\a nrSetCurrentWindow(cdsLibManager)
\a nrSetCurrentWindow(cdsLibManager)
\a nrResizeWindow(cdsLibManager list(480 329 1440 723))
\a nrSetCurrentWindow(cdsLibManager)
\a nrResizeWindow(cdsLibManager list(698 381 1440 723))
\a cdsLibManager->libListBox->value = nil
\a cdsLibManager->libLineEdit->value = ""
\a cdsLibManager->cellListBox->value = nil
\a cdsLibManager->viewLineEdit->value = ""
\a cdsLibManager->viewListBox->value = nil
\a cdsLibManager->cellLineEdit->value = ""
\w Warning: LIB avTech from File /home/Vedant_int/Desktop/VEDANT_WORK/cds.lib Line 30 redefines
\w LIB avTech from the same file (defined earlier.)
\w Warning: The directory: '/home/Vedant_int/Desktop/VEDANT_WORK/cmos_inv' does not exist
\w 	but was defined in libFile '/home/Vedant_int/Desktop/VEDANT_WORK/cds.lib' for Lib 'cmos_inv'.
\w Warning: The directory: '/home/Vedant_int/Desktop/VEDANT_WORK/VEDANT2' does not exist
\w 	but was defined in libFile '/home/Vedant_int/Desktop/VEDANT_WORK/cds.lib' for Lib 'VEDANT2'.
\w Warning: The directory: '/progs/cadence/INCISIVE152/tools/affirma_ams/etc/connect_lib/connectLib' does not exist
\w 	but was defined in libFile '/home/Vedant_int/Desktop/VEDANT_WORK/cds.lib' for Lib 'connectLib'.
\a cdsLibManager->libListBox->value = "VEDANT_NEW"
\a cdsLibManager->libLineEdit->value = "VEDANT_NEW"
\a cdsLibManager->cellListBox->value = "SRAM_CHIP"
\a cdsLibManager->cellLineEdit->value = "SRAM_CHIP"
\a cdsLibManager->viewListBox->value = "schematic"
\a cdsLibManager->viewLineEdit->value = "schematic"
\a cdsLibManager->viewLineEdit->value = ""
\a cdsLibManager->viewListBox->value = nil
\a cdsLibManager->viewListBox->value = "schematic"
\a cdsLibManager->viewLineEdit->value = "schematic"
\a cdsLibManager->libListBox->value = nil
\a cdsLibManager->libLineEdit->value = ""
\a cdsLibManager->cellListBox->value = nil
\a cdsLibManager->viewLineEdit->value = ""
\a cdsLibManager->viewListBox->value = nil
\a cdsLibManager->cellLineEdit->value = ""
\w Warning: LIB avTech from File /home/Vedant_int/Desktop/VEDANT_WORK/cds.lib Line 30 redefines
\w LIB avTech from the same file (defined earlier.)
\w Warning: The directory: '/home/Vedant_int/Desktop/VEDANT_WORK/cmos_inv' does not exist
\w 	but was defined in libFile '/home/Vedant_int/Desktop/VEDANT_WORK/cds.lib' for Lib 'cmos_inv'.
\w Warning: The directory: '/home/Vedant_int/Desktop/VEDANT_WORK/VEDANT2' does not exist
\w 	but was defined in libFile '/home/Vedant_int/Desktop/VEDANT_WORK/cds.lib' for Lib 'VEDANT2'.
\w Warning: The directory: '/progs/cadence/INCISIVE152/tools/affirma_ams/etc/connect_lib/connectLib' does not exist
\w 	but was defined in libFile '/home/Vedant_int/Desktop/VEDANT_WORK/cds.lib' for Lib 'connectLib'.
\a cdsLibManager->libListBox->value = "VEDANT_NEW"
\a cdsLibManager->libLineEdit->value = "VEDANT_NEW"
\a cdsLibManager->cellListBox->value = "SRAM_CHIP"
\a cdsLibManager->cellLineEdit->value = "SRAM_CHIP"
\a cdsLibManager->viewListBox->value = "schematic"
\a cdsLibManager->viewLineEdit->value = "schematic"
\a cdsLibManager->viewLineEdit->value = ""
\a cdsLibManager->viewListBox->value = nil
\a cdsLibManager->viewListBox->value = "schematic"
\a cdsLibManager->viewLineEdit->value = "schematic"
\a cdsLibManager->libListBox->value = nil
\a cdsLibManager->libLineEdit->value = ""
\a cdsLibManager->cellListBox->value = nil
\a cdsLibManager->viewLineEdit->value = ""
\a cdsLibManager->viewListBox->value = nil
\a cdsLibManager->cellLineEdit->value = ""
\w Warning: LIB avTech from File /home/Vedant_int/Desktop/VEDANT_WORK/cds.lib Line 30 redefines
\w LIB avTech from the same file (defined earlier.)
\w Warning: The directory: '/home/Vedant_int/Desktop/VEDANT_WORK/cmos_inv' does not exist
\w 	but was defined in libFile '/home/Vedant_int/Desktop/VEDANT_WORK/cds.lib' for Lib 'cmos_inv'.
\w Warning: The directory: '/home/Vedant_int/Desktop/VEDANT_WORK/VEDANT2' does not exist
\w 	but was defined in libFile '/home/Vedant_int/Desktop/VEDANT_WORK/cds.lib' for Lib 'VEDANT2'.
\w Warning: The directory: '/progs/cadence/INCISIVE152/tools/affirma_ams/etc/connect_lib/connectLib' does not exist
\w 	but was defined in libFile '/home/Vedant_int/Desktop/VEDANT_WORK/cds.lib' for Lib 'connectLib'.
\a cdsLibManager->libListBox->value = "VEDANT_NEW"
\a cdsLibManager->libLineEdit->value = "VEDANT_NEW"
\a cdsLibManager->cellListBox->value = "SRAM_CHIP"
\a cdsLibManager->cellLineEdit->value = "SRAM_CHIP"
\a cdsLibManager->viewListBox->value = "schematic"
\a cdsLibManager->viewLineEdit->value = "schematic"
\a cdsLibManager->viewLineEdit->value = ""
\a cdsLibManager->viewListBox->value = nil
\a cdsLibManager->viewListBox->value = "schematic"
\a cdsLibManager->viewLineEdit->value = "schematic"
\a cdsLibManager->libListBox->value = nil
\a cdsLibManager->libLineEdit->value = ""
\a cdsLibManager->cellListBox->value = nil
\a cdsLibManager->viewLineEdit->value = ""
\a cdsLibManager->viewListBox->value = nil
\a cdsLibManager->cellLineEdit->value = ""
\w Warning: LIB avTech from File /home/Vedant_int/Desktop/VEDANT_WORK/cds.lib Line 30 redefines
\w LIB avTech from the same file (defined earlier.)
\w Warning: The directory: '/home/Vedant_int/Desktop/VEDANT_WORK/cmos_inv' does not exist
\w 	but was defined in libFile '/home/Vedant_int/Desktop/VEDANT_WORK/cds.lib' for Lib 'cmos_inv'.
\w Warning: The directory: '/home/Vedant_int/Desktop/VEDANT_WORK/VEDANT2' does not exist
\w 	but was defined in libFile '/home/Vedant_int/Desktop/VEDANT_WORK/cds.lib' for Lib 'VEDANT2'.
\w Warning: The directory: '/progs/cadence/INCISIVE152/tools/affirma_ams/etc/connect_lib/connectLib' does not exist
\w 	but was defined in libFile '/home/Vedant_int/Desktop/VEDANT_WORK/cds.lib' for Lib 'connectLib'.
\a cdsLibManager->libListBox->value = "VEDANT_NEW"
\a cdsLibManager->libLineEdit->value = "VEDANT_NEW"
\a cdsLibManager->cellListBox->value = "SRAM_CHIP"
\a cdsLibManager->cellLineEdit->value = "SRAM_CHIP"
\a cdsLibManager->viewListBox->value = "schematic"
\a cdsLibManager->viewLineEdit->value = "schematic"
\a cdsLibManager->viewLineEdit->value = ""
\a cdsLibManager->viewListBox->value = nil
\a cdsLibManager->viewListBox->value = "schematic"
\a cdsLibManager->viewLineEdit->value = "schematic"
\o libManager is exiting.
