********************************************************************************
Product   : Virtuoso(R) XStream In
Program   : @(#)$CDS: strmin version 6.1.8-64b 04/27/2021 19:14 (cpgsrv11) $
          : sub-version  IC6.1.8-64b.500.18 
Started at: 20-Jul-2026  15:10:17
User Name : Vedant_int
Host Name : nsdcs.iiti.ac.in
Directory : /home/Vedant_int/Desktop/VEDANT_WORK
CADENCE Design Systems, Inc.
********************************************************************************
Info: Cellview Rev Num:99,  Tech Rev Num:59

WARNING (XSTRM-75): Target library 'dummy_SRAM_CHIP' is attached to the technology library 'ts018_scl_prim'. Therefore, the technology file is opened in read-only mode. All the undefined layer-purpose pairs will be dropped.
WARNING (XSTRM-107): Existing cells in the target library will be overwritten if the cell names in the Stream file and the target library are the same. To prevent this, set the '-writeMode' option to 'noOverwrite'.
INFO (XSTRM-217): Reading the layer map file, /progs/FOUNDRY/SCL_FILES/scl_pdk/design_kit/pdklib/cadence/OA/ts018_compana_4M1L_OA/rev0.0/ref_libs/ts018_scl_prim/ts018_scl_prim.layermap
INFO (XSTRM-217): Reading the object map file, /progs/FOUNDRY/SCL_FILES/scl_pdk/design_kit/pdklib/cadence/OA/ts018_compana_4M1L_OA/rev0.0/ref_libs/ts018_scl_prim/ts018_scl_prim.objectmap
WARNING (XSTRM-155): Ignoring the Stream layer:datatype pair '235:0' at row '1' in the object map file '/progs/FOUNDRY/SCL_FILES/scl_pdk/design_kit/pdklib/cadence/OA/ts018_compana_4M1L_OA/rev0.0/ref_libs/ts018_scl_prim/ts018_scl_prim.objectmap' because it is also defined in the layer map file. Additionally, shapes in GDS on '235:0' with properties indicating they were translated from objects in the OpenAccess database will be translated back to objects. The remaining shapes will be translated to shapes.
INFO (XSTRM-163): You have not used the viaMap option. If a viaMap file, corresponding techfile or technology library exist, then use the -viaMap option for creating oaVia instances in the Streamed-In library. Using the -viaMap option improves performance and VM usage of applications using the Streamed-In design. For details on the viaMap option, refer to the "Design Data Translator's Reference" guide for XStream.

Summary of Options:
	library				dummy_SRAM_CHIP
	strmFile			/home/Vedant_int/Desktop/VEDANT_WORK/dummy_SRAM_CHIP.gds
	logFile				strmIn.log
	view				layout
	case				Preserve
	layerMap			/progs/FOUNDRY/SCL_FILES/scl_pdk/design_kit/pdklib/cadence/OA/ts018_compana_4M1L_OA/rev0.0/ref_libs/ts018_scl_prim/ts018_scl_prim.layermap
	propSeparator			,
	objectMap			 /progs/FOUNDRY/SCL_FILES/scl_pdk/design_kit/pdklib/cadence/OA/ts018_compana_4M1L_OA/rev0.0/ref_libs/ts018_scl_prim/ts018_scl_prim.objectmap

INFO (XSTRM-220): 1. Translating STRUCTURE SRAM_CHIP as cellView dummy_SRAM_CHIP/SRAM_CHIP/layout.

Summary of Objects Translated:
	Instances:                              0
	CustomVias:                             0
	StandardVias:                           0
	CdsGenVias:                             0
	Arrays:                                 0
	Polygons:                               742
	Paths:                                  0
	PathSegs:                               0
	Rectangles:                             75802
	Text:                                   0
	Node:                                   0
	Line:                                   0
	Cells:                                  1

Elapsed Time: 2.3s   User Time: 0.2s   CPU Time: 0.1s   Peak VM: 9880KB  CPUs Used: 1
INFO (XSTRM-234): Translation completed. '0' error(s) and '3' warning(s) found.
